
> atlas-platform@0.1.0 typecheck /home/user/atlas-monorepo/atlas
> turbo run typecheck

• turbo 2.10.12

   • Packages in scope: @atlas/api-client, @atlas/contracts, @atlas/design-tokens, @atlas/domain, @atlas/mobile
   • Running typecheck in 5 packages
   • Remote caching disabled

@atlas/design-tokens:typecheck: cache hit, replaying logs 37519058817643c7
@atlas/design-tokens:typecheck: 
@atlas/design-tokens:typecheck: > @atlas/design-tokens@0.1.0 typecheck /home/user/atlas-monorepo/atlas/packages/design-tokens
@atlas/design-tokens:typecheck: > tsc --noEmit
@atlas/design-tokens:typecheck: 
@atlas/contracts:typecheck: cache hit, replaying logs fa6149ed0681e0fc
@atlas/contracts:typecheck: 
@atlas/contracts:typecheck: > @atlas/contracts@0.1.0 typecheck /home/user/atlas-monorepo/atlas/packages/contracts
@atlas/contracts:typecheck: > tsc --noEmit
@atlas/contracts:typecheck: 
@atlas/domain:typecheck: cache hit, replaying logs 0ee448a5deea330f
@atlas/domain:typecheck: 
@atlas/domain:typecheck: > @atlas/domain@0.1.0 typecheck /home/user/atlas-monorepo/atlas/packages/domain
@atlas/domain:typecheck: > tsc --noEmit
@atlas/domain:typecheck: 
@atlas/mobile:typecheck: cache hit, replaying logs 661a8d9b2f1b83e8
@atlas/mobile:typecheck: 
@atlas/mobile:typecheck: > @atlas/mobile@0.1.0 typecheck /home/user/atlas-monorepo/atlas/apps/mobile
@atlas/mobile:typecheck: > tsc --noEmit
@atlas/mobile:typecheck: 
@atlas/api-client:typecheck: cache hit, replaying logs 2a9e9f9b07c20c56
@atlas/api-client:typecheck: 
@atlas/api-client:typecheck: > @atlas/api-client@0.1.0 typecheck /home/user/atlas-monorepo/atlas/packages/api-client
@atlas/api-client:typecheck: > tsc --noEmit
@atlas/api-client:typecheck: 

 Tasks:    5 successful, 5 total
Cached:    5 cached, 5 total
  Time:    69ms >>> FULL TURBO

