pnpm --filter @atlas/mobile exec expo export --platform ios --output-dir .expo/dashboard-ios
exit=0
env: load .env
env: export EXPO_PUBLIC_API_BASE_URL EXPO_PUBLIC_API_MODE EXPO_PUBLIC_MOCK_ERROR_RATE EXPO_PUBLIC_MOCK_LATENCY_MS
React Compiler enabled
Expo Autolinking module resolution enabled
Starting Metro Bundler

| (node:24824) Warning: The 'NO_COLOR' env is ignored due to the 'FORCE_COLOR' env being set.
| (Use `node --trace-warnings ...` to show where the warning was created)
| (node:24824) Warning: The 'NO_COLOR' env is ignored due to the 'FORCE_COLOR' env being set.
| (Use `node --trace-warnings ...` to show where the warning was created)
| (node:24824) Warning: The 'NO_COLOR' env is ignored due to the 'FORCE_COLOR' env being set.
| (Use `node --trace-warnings ...` to show where the warning was created)
| (node:24824) Warning: The 'NO_COLOR' env is ignored due to the 'FORCE_COLOR' env being set.
| (Use `node --trace-warnings ...` to show where the warning was created)
| (node:24824) Warning: The 'NO_COLOR' env is ignored due to the 'FORCE_COLOR' env being set.
| (Use `node --trace-warnings ...` to show where the warning was created)
| (node:24824) Warning: The 'NO_COLOR' env is ignored due to the 'FORCE_COLOR' env being set.
| (Use `node --trace-warnings ...` to show where the warning was created)
| (node:24824) Warning: The 'NO_COLOR' env is ignored due to the 'FORCE_COLOR' env being set.
| (Use `node --trace-warnings ...` to show where the warning was created)
| (node:24824) Warning: The 'NO_COLOR' env is ignored due to the 'FORCE_COLOR' env being set.
| (Use `node --trace-warnings ...` to show where the warning was created)
iOS Bundled 40432ms node_modules\.pnpm\expo-router@57.0.20_h6qniwqvrj7ajzhukc4a32v6zq\node_modules\expo-router\entry.js (2755 modules)

› Assets (23):
..\..\node_modules\.pnpm\expo-router@57.0.20_h6qniwqvrj7ajzhukc4a32v6zq\node_modules\expo-router\assets\arrow_down.png (9.5KB)
..\..\node_modules\.pnpm\expo-router@57.0.20_h6qniwqvrj7ajzhukc4a32v6zq\node_modules\expo-router\assets\error.png (469B)
..\..\node_modules\.pnpm\expo-router@57.0.20_h6qniwqvrj7ajzhukc4a32v6zq\node_modules\expo-router\assets\file.png (138B)
..\..\node_modules\.pnpm\expo-router@57.0.20_h6qniwqvrj7ajzhukc4a32v6zq\node_modules\expo-router\assets\forward.png (188B)
..\..\node_modules\.pnpm\expo-router@57.0.20_h6qniwqvrj7ajzhukc4a32v6zq\node_modules\expo-router\assets\pkg.png (364B)
..\..\node_modules\.pnpm\expo-router@57.0.20_h6qniwqvrj7ajzhukc4a32v6zq\node_modules\expo-router\assets\react-navigation\elements\back-icon-mask.png (653B)
..\..\node_modules\.pnpm\expo-router@57.0.20_h6qniwqvrj7ajzhukc4a32v6zq\node_modules\expo-router\assets\react-navigation\elements\back-icon.png (4 variations | 566B)
..\..\node_modules\.pnpm\expo-router@57.0.20_h6qniwqvrj7ajzhukc4a32v6zq\node_modules\expo-router\assets\react-navigation\elements\clear-icon.png (4 variations | 425B)
..\..\node_modules\.pnpm\expo-router@57.0.20_h6qniwqvrj7ajzhukc4a32v6zq\node_modules\expo-router\assets\react-navigation\elements\close-icon.png (4 variations | 235B)
..\..\node_modules\.pnpm\expo-router@57.0.20_h6qniwqvrj7ajzhukc4a32v6zq\node_modules\expo-router\assets\react-navigation\elements\search-icon.png (3 variations | 582B)
..\..\node_modules\.pnpm\expo-router@57.0.20_h6qniwqvrj7ajzhukc4a32v6zq\node_modules\expo-router\assets\sitemap.png (465B)
..\..\node_modules\.pnpm\expo-router@57.0.20_h6qniwqvrj7ajzhukc4a32v6zq\node_modules\expo-router\assets\unmatched.png (4.8KB)

› ios bundles (1):
_expo/static/js/ios/entry-bdf7220f31c836a3066933b9a4da2e05.hbc (5.6MB)

› Files (1):
metadata.json (1.6KB)

Exported: .expo/dashboard-ios
