pnpm typecheck
exit=0

> atlas-platform@0.1.0 typecheck E:\projects\Atlas\atlas-monorepo\atlas
> turbo run typecheck


   • Packages in scope: @atlas/api-client, @atlas/contracts, @atlas/design-tokens, @atlas/domain, @atlas/mobile
   • Running typecheck in 5 packages
   • Remote caching disabled

@atlas/design-tokens:typecheck: cache hit, replaying logs 1f7f7a9ff1bcacac
@atlas/contracts:typecheck: cache hit, replaying logs 51b221b1964972c3
@atlas/domain:typecheck: cache hit, replaying logs 38e7517632c4f2ab
@atlas/design-tokens:typecheck: 
@atlas/design-tokens:typecheck: > @atlas/design-tokens@0.1.0 typecheck E:\projects\Atlas\atlas-monorepo\atlas\packages\design-tokens
@atlas/design-tokens:typecheck: > tsc --noEmit
@atlas/contracts:typecheck: 
@atlas/contracts:typecheck: > @atlas/contracts@0.1.0 typecheck E:\projects\Atlas\atlas-monorepo\atlas\packages\contracts
@atlas/domain:typecheck: 
@atlas/domain:typecheck: > @atlas/domain@0.1.0 typecheck E:\projects\Atlas\atlas-monorepo\atlas\packages\domain
@atlas/domain:typecheck: > tsc --noEmit
@atlas/domain:typecheck: 
@atlas/api-client:typecheck: cache hit, replaying logs e27e2c81f124d0cf
@atlas/design-tokens:typecheck: 
@atlas/contracts:typecheck: > tsc --noEmit
@atlas/contracts:typecheck: 
@atlas/mobile:typecheck: cache miss, executing ac64580c19c0051f
@atlas/api-client:typecheck: 
@atlas/api-client:typecheck: > @atlas/api-client@0.1.0 typecheck E:\projects\Atlas\atlas-monorepo\atlas\packages\api-client
@atlas/api-client:typecheck: > tsc --noEmit
@atlas/api-client:typecheck: 
@atlas/mobile:typecheck: 
@atlas/mobile:typecheck: > @atlas/mobile@0.1.0 typecheck E:\projects\Atlas\atlas-monorepo\atlas\apps\mobile
@atlas/mobile:typecheck: > tsc --noEmit
@atlas/mobile:typecheck: 

 Tasks:    5 successful, 5 total
Cached:    4 cached, 5 total
  Time:    5.592s 

• turbo 2.10.12
